git test -- junguo
